$ playwright test

Running 96 tests using 1 worker

(node:36292) Warning: The 'NO_COLOR' env is ignored due to the 'FORCE_COLOR' env being set.
(Use `node --trace-warnings ...` to show where the warning was created)
  ✓   1 [chromium] › tests\e2e\catalogue.spec.ts:6:5 › the 16-page catalogue is navigable without automatically downloading the PDF (2.0s)
  ✓   2 [chromium] › tests\e2e\catalogue.spec.ts:56:5 › catalogue zoom is keyboard accessible and family pages lead to the matching section (883ms)
  ✓   3 [chromium] › tests\e2e\catalogue.spec.ts:92:5 › catalogue page navigation and readable text work without JavaScript (364ms)
  ✓   4 [chromium] › tests\e2e\catalogue.spec.ts:117:5 › catalogue layout keeps page controls usable on mobile, laptop and desktop with long titles (328ms)
  ✓   5 [chromium] › tests\e2e\journeys.spec.ts:93:7 › T01 · acceso directo y recarga: Inicio (531ms)
  ✓   6 [chromium] › tests\e2e\journeys.spec.ts:93:7 › T01 · acceso directo y recarga: Sobre nosotros (449ms)
  ✓   7 [chromium] › tests\e2e\journeys.spec.ts:93:7 › T01 · acceso directo y recarga: Eventos (533ms)
  ✓   8 [chromium] › tests\e2e\journeys.spec.ts:93:7 › T01 · acceso directo y recarga: Tiendas (448ms)
  ✓   9 [chromium] › tests\e2e\journeys.spec.ts:93:7 › T01 · acceso directo y recarga: Catálogo PDF (582ms)
  ✓  10 [chromium] › tests\e2e\journeys.spec.ts:93:7 › T01 · acceso directo y recarga: Contacto (487ms)
  ✓  11 [chromium] › tests\e2e\journeys.spec.ts:93:7 › T01 · acceso directo y recarga: Política de privacidad (379ms)
  ✓  12 [chromium] › tests\e2e\journeys.spec.ts:93:7 › T01 · acceso directo y recarga: Cookies (378ms)
  ✓  13 [chromium] › tests\e2e\journeys.spec.ts:93:7 › T01 · acceso directo y recarga: Aviso legal (378ms)
  ✓  14 [chromium] › tests\e2e\journeys.spec.ts:103:5 › T01 · las nueve páginas entregan contenido y alternativas sin JavaScript (1.2s)
  ✓  15 [chromium] › tests\e2e\journeys.spec.ts:142:5 › T02 · navegación completa en escritorio y menú móvil con Escape y foco (1.6s)
  ✓  16 [chromium] › tests\e2e\journeys.spec.ts:181:5 › T03–T05 · intenciones de Inicio, familias distintas, ficha y regreso (1.2s)
  ✓  17 [chromium] › tests\e2e\journeys.spec.ts:249:5 › T06,T18 · cambiar de motivo elimina referencia y datos del motivo anterior (661ms)
  ✓  18 [chromium] › tests\e2e\journeys.spec.ts:316:5 › T07,T09 · evento con fecha por definir, sin nombre ni lugar y un solo correo (513ms)
  ✓  19 [chromium] › tests\e2e\journeys.spec.ts:376:5 › T08,T20 · errores accesibles, foco y datos conservados antes de enviar (479ms)
  ✓  20 [chromium] › tests\e2e\journeys.spec.ts:425:5 › T09–T11,T18 · doble clic, respuesta perdida, recarga y reintento recuperan el mismo registro real (694ms)
  ✓  21 [chromium] › tests\e2e\journeys.spec.ts:533:5 › T08,T11 · el endpoint rechaza origen, formato, tamaño y referencias manipuladas (76ms)
  ✓  22 [chromium] › tests\e2e\journeys.spec.ts:625:5 › T16,T20 · vídeo voluntario y degradación real al fallar el recurso (565ms)
  ✓  23 [chromium] › tests\e2e\publication.spec.ts:27:5 › T01,T17 · rutas de publicación, metadatos y noindex sin material de demostración (1.3s)
  ✓  24 [chromium] › tests\e2e\publication.spec.ts:75:5 › las imágenes configuradas se muestran y decodifican desde el propio sitio (1.6s)
  ✓  25 [chromium] › tests\e2e\publication.spec.ts:139:5 › T14,T17 · estados vacíos y parámetros públicos no activan fixtures (564ms)
  ✓  26 [chromium] › tests\e2e\publication.spec.ts:221:5 › T11 · proveedor ausente muestra alternativa y nunca confirma un envío (292ms)
  ✓  27 [chromium] › tests\e2e\publication.spec.ts:265:5 › T15 · PDF real identificado y enlaces de llamada y ruta utilizables (862ms)
  ✓  28 [chromium] › tests\e2e\publication.spec.ts:314:5 › T18,T19 · primera visita sin cookies, almacenamiento ni solicitudes a terceros (360ms)
  ✓  29 [chromium] › tests\e2e\quality.spec.ts:15:5 › WCAG automatic checks across all six sections, family, product and invalid form (6.2s)
  ✓  30 [chromium] › tests\e2e\quality.spec.ts:44:5 › responsive layouts, 200 percent equivalent reflow and long unbroken content (4.0s)
  ✓  31 [chromium] › tests\e2e\quality.spec.ts:95:5 › public pages have no external requests, optional trackers or cookies (3.6s)
  ✓  32 [chromium] › tests\e2e\quality.spec.ts:117:5 › keyboard mobile menu, Escape and reduced motion (471ms)
(node:42232) Warning: The 'NO_COLOR' env is ignored due to the 'FORCE_COLOR' env being set.
(Use `node --trace-warnings ...` to show where the warning was created)
  ✓  33 [firefox] › tests\e2e\catalogue.spec.ts:6:5 › the 16-page catalogue is navigable without automatically downloading the PDF (3.1s)
  ✓  34 [firefox] › tests\e2e\catalogue.spec.ts:56:5 › catalogue zoom is keyboard accessible and family pages lead to the matching section (1.2s)
  ✓  35 [firefox] › tests\e2e\catalogue.spec.ts:92:5 › catalogue page navigation and readable text work without JavaScript (512ms)
  ✓  36 [firefox] › tests\e2e\catalogue.spec.ts:117:5 › catalogue layout keeps page controls usable on mobile, laptop and desktop with long titles (551ms)
  ✓  37 [firefox] › tests\e2e\journeys.spec.ts:93:7 › T01 · acceso directo y recarga: Inicio (822ms)
  ✓  38 [firefox] › tests\e2e\journeys.spec.ts:93:7 › T01 · acceso directo y recarga: Sobre nosotros (744ms)
  ✓  39 [firefox] › tests\e2e\journeys.spec.ts:93:7 › T01 · acceso directo y recarga: Eventos (1.0s)
  ✓  40 [firefox] › tests\e2e\journeys.spec.ts:93:7 › T01 · acceso directo y recarga: Tiendas (732ms)
  ✓  41 [firefox] › tests\e2e\journeys.spec.ts:93:7 › T01 · acceso directo y recarga: Catálogo PDF (837ms)
  ✓  42 [firefox] › tests\e2e\journeys.spec.ts:93:7 › T01 · acceso directo y recarga: Contacto (1.2s)
  ✓  43 [firefox] › tests\e2e\journeys.spec.ts:93:7 › T01 · acceso directo y recarga: Política de privacidad (667ms)
  ✓  44 [firefox] › tests\e2e\journeys.spec.ts:93:7 › T01 · acceso directo y recarga: Cookies (658ms)
  ✓  45 [firefox] › tests\e2e\journeys.spec.ts:93:7 › T01 · acceso directo y recarga: Aviso legal (666ms)
  ✓  46 [firefox] › tests\e2e\journeys.spec.ts:103:5 › T01 · las nueve páginas entregan contenido y alternativas sin JavaScript (1.6s)
  ✓  47 [firefox] › tests\e2e\journeys.spec.ts:142:5 › T02 · navegación completa en escritorio y menú móvil con Escape y foco (1.8s)
  ✓  48 [firefox] › tests\e2e\journeys.spec.ts:181:5 › T03–T05 · intenciones de Inicio, familias distintas, ficha y regreso (1.7s)
  ✓  49 [firefox] › tests\e2e\journeys.spec.ts:249:5 › T06,T18 · cambiar de motivo elimina referencia y datos del motivo anterior (932ms)
  ✓  50 [firefox] › tests\e2e\journeys.spec.ts:316:5 › T07,T09 · evento con fecha por definir, sin nombre ni lugar y un solo correo (768ms)
  ✓  51 [firefox] › tests\e2e\journeys.spec.ts:376:5 › T08,T20 · errores accesibles, foco y datos conservados antes de enviar (747ms)
  ✓  52 [firefox] › tests\e2e\journeys.spec.ts:425:5 › T09–T11,T18 · doble clic, respuesta perdida, recarga y reintento recuperan el mismo registro real (1.5s)
  ✓  53 [firefox] › tests\e2e\journeys.spec.ts:533:5 › T08,T11 · el endpoint rechaza origen, formato, tamaño y referencias manipuladas (81ms)
  ✓  54 [firefox] › tests\e2e\journeys.spec.ts:625:5 › T16,T20 · vídeo voluntario y degradación real al fallar el recurso (861ms)
  ✓  55 [firefox] › tests\e2e\publication.spec.ts:27:5 › T01,T17 · rutas de publicación, metadatos y noindex sin material de demostración (2.1s)
  ✓  56 [firefox] › tests\e2e\publication.spec.ts:75:5 › las imágenes configuradas se muestran y decodifican desde el propio sitio (1.8s)
  ✓  57 [firefox] › tests\e2e\publication.spec.ts:139:5 › T14,T17 · estados vacíos y parámetros públicos no activan fixtures (916ms)
  ✓  58 [firefox] › tests\e2e\publication.spec.ts:221:5 › T11 · proveedor ausente muestra alternativa y nunca confirma un envío (497ms)
  ✓  59 [firefox] › tests\e2e\publication.spec.ts:265:5 › T15 · PDF real identificado y enlaces de llamada y ruta utilizables (1.1s)
  ✓  60 [firefox] › tests\e2e\publication.spec.ts:314:5 › T18,T19 · primera visita sin cookies, almacenamiento ni solicitudes a terceros (620ms)
  ✓  61 [firefox] › tests\e2e\quality.spec.ts:15:5 › WCAG automatic checks across all six sections, family, product and invalid form (10.7s)
  ✓  62 [firefox] › tests\e2e\quality.spec.ts:44:5 › responsive layouts, 200 percent equivalent reflow and long unbroken content (6.8s)
  ✓  63 [firefox] › tests\e2e\quality.spec.ts:95:5 › public pages have no external requests, optional trackers or cookies (4.4s)
  ✓  64 [firefox] › tests\e2e\quality.spec.ts:117:5 › keyboard mobile menu, Escape and reduced motion (757ms)
(node:37268) Warning: The 'NO_COLOR' env is ignored due to the 'FORCE_COLOR' env being set.
(Use `node --trace-warnings ...` to show where the warning was created)
  ✓  65 [webkit] › tests\e2e\catalogue.spec.ts:6:5 › the 16-page catalogue is navigable without automatically downloading the PDF (7.5s)
  ✓  66 [webkit] › tests\e2e\catalogue.spec.ts:56:5 › catalogue zoom is keyboard accessible and family pages lead to the matching section (2.1s)
  ✓  67 [webkit] › tests\e2e\catalogue.spec.ts:92:5 › catalogue page navigation and readable text work without JavaScript (1.0s)
  ✓  68 [webkit] › tests\e2e\catalogue.spec.ts:117:5 › catalogue layout keeps page controls usable on mobile, laptop and desktop with long titles (1.1s)
  ✓  69 [webkit] › tests\e2e\journeys.spec.ts:93:7 › T01 · acceso directo y recarga: Inicio (1.1s)
  ✓  70 [webkit] › tests\e2e\journeys.spec.ts:93:7 › T01 · acceso directo y recarga: Sobre nosotros (875ms)
  ✓  71 [webkit] › tests\e2e\journeys.spec.ts:93:7 › T01 · acceso directo y recarga: Eventos (937ms)
  ✓  72 [webkit] › tests\e2e\journeys.spec.ts:93:7 › T01 · acceso directo y recarga: Tiendas (837ms)
  ✓  73 [webkit] › tests\e2e\journeys.spec.ts:93:7 › T01 · acceso directo y recarga: Catálogo PDF (1.1s)
  ✓  74 [webkit] › tests\e2e\journeys.spec.ts:93:7 › T01 · acceso directo y recarga: Contacto (854ms)
  ✓  75 [webkit] › tests\e2e\journeys.spec.ts:93:7 › T01 · acceso directo y recarga: Política de privacidad (715ms)
  ✓  76 [webkit] › tests\e2e\journeys.spec.ts:93:7 › T01 · acceso directo y recarga: Cookies (705ms)
  ✓  77 [webkit] › tests\e2e\journeys.spec.ts:93:7 › T01 · acceso directo y recarga: Aviso legal (722ms)
  ✓  78 [webkit] › tests\e2e\journeys.spec.ts:103:5 › T01 · las nueve páginas entregan contenido y alternativas sin JavaScript (2.3s)
  ✓  79 [webkit] › tests\e2e\journeys.spec.ts:142:5 › T02 · navegación completa en escritorio y menú móvil con Escape y foco (4.1s)
  ✓  80 [webkit] › tests\e2e\journeys.spec.ts:181:5 › T03–T05 · intenciones de Inicio, familias distintas, ficha y regreso (3.2s)
  ✓  81 [webkit] › tests\e2e\journeys.spec.ts:249:5 › T06,T18 · cambiar de motivo elimina referencia y datos del motivo anterior (1.6s)
  ✓  82 [webkit] › tests\e2e\journeys.spec.ts:316:5 › T07,T09 · evento con fecha por definir, sin nombre ni lugar y un solo correo (1.1s)
  ✓  83 [webkit] › tests\e2e\journeys.spec.ts:376:5 › T08,T20 · errores accesibles, foco y datos conservados antes de enviar (1.3s)
  ✓  84 [webkit] › tests\e2e\journeys.spec.ts:425:5 › T09–T11,T18 · doble clic, respuesta perdida, recarga y reintento recuperan el mismo registro real (1.5s)
  ✓  85 [webkit] › tests\e2e\journeys.spec.ts:533:5 › T08,T11 · el endpoint rechaza origen, formato, tamaño y referencias manipuladas (78ms)
  ✓  86 [webkit] › tests\e2e\journeys.spec.ts:625:5 › T16,T20 · vídeo voluntario y degradación real al fallar el recurso (1.5s)
  ✓  87 [webkit] › tests\e2e\publication.spec.ts:27:5 › T01,T17 · rutas de publicación, metadatos y noindex sin material de demostración (3.2s)
  ✓  88 [webkit] › tests\e2e\publication.spec.ts:75:5 › las imágenes configuradas se muestran y decodifican desde el propio sitio (5.8s)
  ✓  89 [webkit] › tests\e2e\publication.spec.ts:139:5 › T14,T17 · estados vacíos y parámetros públicos no activan fixtures (1.3s)
  ✓  90 [webkit] › tests\e2e\publication.spec.ts:221:5 › T11 · proveedor ausente muestra alternativa y nunca confirma un envío (612ms)
  ✓  91 [webkit] › tests\e2e\publication.spec.ts:265:5 › T15 · PDF real identificado y enlaces de llamada y ruta utilizables (1.4s)
  ✓  92 [webkit] › tests\e2e\publication.spec.ts:314:5 › T18,T19 · primera visita sin cookies, almacenamiento ni solicitudes a terceros (921ms)
  ✓  93 [webkit] › tests\e2e\quality.spec.ts:15:5 › WCAG automatic checks across all six sections, family, product and invalid form (12.7s)
  ✓  94 [webkit] › tests\e2e\quality.spec.ts:44:5 › responsive layouts, 200 percent equivalent reflow and long unbroken content (9.1s)
  ✓  95 [webkit] › tests\e2e\quality.spec.ts:95:5 › public pages have no external requests, optional trackers or cookies (4.5s)
  ✓  96 [webkit] › tests\e2e\quality.spec.ts:117:5 › keyboard mobile menu, Escape and reduced motion (953ms)

  96 passed (2.8m)
