$ tsx --test tests/*.test.ts
✔ the complete web catalogue preserves all original pages and readable local derivatives (25.2451ms)
✔ catalogue navigation handles invalid query values and covers all four families (0.3689ms)
✔ brand, solutions and family images have physical local files with reserved dimensions (7.3062ms)
✔ el contenido central publica familias y las cuatro casetas de la fuente sin inventar inventario o casos (1.6807ms)
✔ las casetas conservan direcciones y horarios exactos de Tiendas sin fechas ni mapas inventados (0.237ms)
✔ las diez referencias y los casos/casetas son fixtures draft con atribución explícita (0.8344ms)
✔ el servidor público no resuelve fixtures ni rutas de producto inventadas (180.017ms)
✔ la demo requiere las dos opciones locales y conserva referencia/familia (636.4583ms)
✔ las campañas con fechas de ejemplo solo sustituyen las reales en QA local explícita (761.6037ms)
✔ Vercel impide activar la demo incluso con ambas opciones presentes (444.1919ms)
✔ referencias retiradas, borradores, verificadas y caducadas no pasan el filtro público (0.9473ms)
✔ cambiar status no transforma una fixture en referencia publicable (0.7247ms)
✔ precio, stock y atributos necesitan comprobación separada; desconocido nunca es cero o agotado (0.3315ms)
✔ el esquema rechaza IDs, slugs, familias y ocasiones inconsistentes (2.3725ms)
✔ los medios públicos deben ser locales, seguros y acreditados para su referencia (0.4141ms)
✔ las fotos de familias y soluciones requieren procedencia comprobada (0.1939ms)
✔ el PDF local conserva exactamente el archivo indicado por el usuario (47.7808ms)
✔ el PDF admite su ruta local segura y mantiene URLs web sin aceptar traversal ni protocolos ejecutables (1.6717ms)
✔ no se añade edición/tamaño a un PDF no recuperado ni se activa WhatsApp sin revisión (0.5754ms)
✔ el vídeo declara su audio explícitamente y exige subtítulos locales si tiene sonido (0.483ms)
✔ un horario publicado sin reconfirmación nunca indica Abierta ahora (0.7014ms)
✔ los límites de mañana/tarde son inclusivos al abrir y exclusivos al cerrar (0.288ms)
✔ lunes, domingo y sábado conservan el horario real publicado (0.6661ms)
✔ Europe/Madrid determina la fecha incluso cerca de medianoche y fin de año (0.2575ms)
✔ la excepción del día nuevo se aplica al cruzar medianoche local (0.2495ms)
✔ antes, durante y después de una campaña que cruza fin de año son estados diferentes (0.2651ms)
✔ una campaña activa fuera de horario no significa abierta ahora (0.1493ms)
✔ fechas de ejemplo no confirmadas no anuncian una próxima apertura (0.1903ms)
✔ cada punto aplica sus horarios y excepciones de forma independiente (0.2132ms)
✔ una excepción sin confirmar impide afirmar abierto o cerrado en ese momento (0.2771ms)
✔ horario, excepciones y confirmación de campaña caducan por fecha local (0.2334ms)
✔ una excepción confirmada explícitamente cubre ese día aunque el horario general no lo esté (0.096ms)
✔ los cambios de horario de verano no dependen de la zona del servidor (0.1445ms)
✔ un cambio de dato se refleja en presentación y cálculo sin horarios duplicados (0.1478ms)
✔ validación estricta evita fechas imposibles, días duplicados y tramos incoherentes (1.0605ms)
✔ saved draft preserves retry identity and public product context only within 30 minutes (3.3347ms)
✔ untrusted session data cannot restore malformed fields, types or retry keys (0.5843ms)
✔ API parser only accepts genuine receipt shape and bounded known error fields (1.4253ms)
✔ reply channel accepts usual email/phone formats and rejects injection or two channels (2.0359ms)
✔ discriminated forms reject stale/unknown fields and allow honest undecided events (3.7446ms)
✔ dates use Madrid at midnight and validate real dates, past days and undecided conflicts (13.3173ms)
✔ missing destination and unsafe configurations cannot claim acceptance (13.4102ms)
✔ endpoint rejects CSRF, oversized/malformed JSON, honeypot and unpublished products before delivery (3.7237ms)
✔ real HTTP acceptance writes private durable data, replays concurrent retries once, and survives restart (147.4258ms)
✔ authenticated receiver rejects direct untrusted calls and persists the rate limit across restart (104.6766ms)
✔ timeout after durable acceptance recovers the original server receipt without a second record (104.7495ms)
✔ provider errors and malformed success responses never become an accepted lead (1.3543ms)
✔ retention removes message contents, keeps bounded replay metadata, then expires it (68.6656ms)
✔ private receiver storage refuses unrelated user files and an empty directory setting (1.674ms)
✔ standalone receiver processes share atomic idempotency through the same private database (239.0266ms)
ℹ tests 50
ℹ suites 0
ℹ pass 50
ℹ fail 0
ℹ cancelled 0
ℹ skipped 0
ℹ todo 0
ℹ duration_ms 2270.7892
